....                                                                     [100%]
4 passed in 22.38s
........................................................................ [  4%]
.....................                                                    [100%]
21 passed in 76.84s (0:01:16)
........................................................................ [  9%]
........................................................................ [ 14%]
........................................................................ [ 19%]
........................................................................ [ 24%]
........................................................................ [ 29%]
........................................................................ [ 34%]
........................................................................ [ 39%]
........................................................................ [ 44%]
........................................................................ [ 49%]
........................................................................ [ 54%]
........................................................................ [ 59%]
........................................................................ [ 64%]
........................................................................ [ 69%]
........................................................................ [ 74%]
........................................................................ [ 79%]
........................................................................ [ 84%]
........................................................................ [ 89%]
........................................................................ [ 94%]
........................................................................ [ 99%]
....                                                                     [100%]
1444 passed in 99.37s (0:01:39)
.  check:recipe
.  check:graph
.  check:partiso
