-- check:math
-- check:config
-- check:graph
-- check:nameplate
-- check:numerals
-- check:recipe
-- check:cache
-- check:telemetry
-- check:watchdog
-- check:freshness
-- check:flagonly
-- check:partiso
-- part:fulcrum_shaft
-- part:slotted_screw
-- part:pinion_spring
-- part:cone_tip_adjuster
-- part:wheel_axle_nut
-- part:foot_screw
-- part:rocker_arm
-- part:gooseneck_set_screw
-- part:tube_frame
-- part:transgear_pinion
-- part:hex_bolt
-- part:pinion_pivot_shaft
-- part:transgear_stub
-- part:clamp_screw
-- part:transgear_thumbnut
-- part:bracket_screw
-- part:transgear_feed_pinion
-- part:cone_tip_block
-- part:spring_hook
-- part:channel_spring_installed
-- part:platen
-- part:connecting_rod
-- part:magnifying_clamp
-- part:chain_inner_link
-- part:measuring_stick
-- part:cone_gear_shaft
-- part:cone_gear
-- part:transgear_removable
-- part:fillister_screw
-- part:alignment_pinion
-- part:boss_hook
-- part:crank_arm
-- part:cylinder_gear_shaft
-- part:knife_mount
-- part:hanger_screw
-- part:crankshaft
-- part:swing_stop_screw
-- part:platen_guide
-- part:crank_handle
-- part:platen_paper
-- part:lag_screw
-- part:transgear_latch
-- part:dome_cap_screw
-- part:lever_wire
-- part:channel_lever
-- part:pivot_bracket
-- part:harmonic_base
-- part:rocker_arm_support
-- part:chain_sprocket
-- part:pinion_handle
-- part:guide_lock
-- part:pinion_cam
-- part:crank_pin_ring
-- part:frame_side_screw
-- part:cone_lock_knob
-- part:gooseneck
-- part:pinion_lever
-- part:output_fixture
-- part:support_bar
-- part:cone_pivot_screw
-- part:pen_wire
-- part:column_clamp_back
-- part:measuring_stick_stop
-- part:pen_frame
-- part:pinion_cam_pin
-- part:latch_hook
-- part:chain_outer_link
-- part:arbor_pedestal
-- part:magnifying_lever
-- part:wheel_bar
-- part:top_frame
-- part:pen_rod
-- part:pen_v_block
-- part:cone_tip_bushing
-- part:cone_pivot_post
-- part:pinion_bracket
-- part:transgear_knob_shaft
-- part:thumb_screw
-- part:nameplate
-- part:pen_marker
-- part:crank_pinion
-- part:magnifying_vertical_rod
-- part:crank_pin
-- part:cone_tip_pinch_screw
-- part:cone_swing_platform
-- part:pen_hanger
-- part:pinion_arbor
-- part:counter_spring
-- part:summing_lever
-- part:platen_clip
-- part:platen_rack
-- part:pivot_shaft
-- part:crank_drive_gear
-- part:magnifying_bracket
-- part:column_clamp_front
-- part:rack_pinion
-- part:cylinder_gear
-- part:pen_set_screw
-- part:wheel_axle
-- part:amplitude_bar
-- part:pinion_pivot_block
-- part:transgear_bracket
-- part:knife_hanger_stud
-- part:magnifying_wheel
-- part:cylinder_end_disc
-- part:pinion_lift_rod
-- part:crank_pin_eye
-- part:fulcrum_keeper
-- assembly:frame
-- assembly:drive_train
-- assembly:channel
-- assembly:summing
-- assembly:magnifier
-- assembly:pen
-- assembly:paper_drive
-- assembly:harmonic_analyzer
-- drawing:fulcrum_shaft
-- drawing:slotted_screw
-- drawing:pinion_spring
-- drawing:cone_tip_adjuster
-- drawing:foot_screw
-- drawing:rocker_arm
-- drawing:gooseneck_set_screw
-- drawing:tube_frame
-- drawing:transgear_pinion
-- drawing:pinion_pivot_shaft
-- drawing:transgear_stub
-- drawing:clamp_screw
-- drawing:bracket_screw
-- drawing:transgear_feed_pinion
-- drawing:cone_tip_block
-- drawing:spring_hook
-- drawing:channel_spring_installed
-- drawing:connecting_rod
-- drawing:magnifying_clamp
-- drawing:measuring_stick
-- drawing:cone_gear_shaft
-- drawing:cone_gear
-- drawing:fillister_screw
-- drawing:alignment_pinion
-- drawing:boss_hook
-- drawing:crank_arm
-- drawing:cylinder_gear_shaft
-- drawing:knife_mount
-- drawing:hanger_screw
-- drawing:crankshaft
-- drawing:swing_stop_screw
-- drawing:platen_guide
-- drawing:crank_handle
-- drawing:lag_screw
-- drawing:lever_wire
-- drawing:channel_lever
-- drawing:harmonic_base
-- drawing:rocker_arm_support
-- drawing:pinion_handle
-- drawing:guide_lock
-- drawing:pinion_cam
-- drawing:frame_side_screw
-- drawing:cone_lock_knob
-- drawing:gooseneck
-- drawing:pinion_lever
-- drawing:output_fixture
-- drawing:cone_pivot_screw
-- drawing:pen_wire
-- drawing:pen_frame
-- drawing:pinion_cam_pin
-- drawing:arbor_pedestal
-- drawing:magnifying_lever
-- drawing:wheel_bar
-- drawing:top_frame
-- drawing:pen_rod
-- drawing:pen_v_block
-- drawing:cone_tip_bushing
-- drawing:cone_pivot_post
-- drawing:pinion_bracket
-- drawing:thumb_screw
-- drawing:pen_marker
-- drawing:crank_pinion
-- drawing:magnifying_vertical_rod
-- drawing:crank_pin
-- drawing:cone_tip_pinch_screw
-- drawing:cone_swing_platform
-- drawing:pen_hanger
-- drawing:pinion_arbor
-- drawing:counter_spring
-- drawing:summing_lever
-- drawing:pivot_shaft
-- drawing:crank_drive_gear
-- drawing:magnifying_bracket
-- drawing:column_clamp_front
-- drawing:rack_pinion
-- drawing:cylinder_gear
-- drawing:pen_set_screw
-- drawing:wheel_axle
-- drawing:amplitude_bar
-- drawing:pinion_pivot_block
-- drawing:knife_hanger_stud
-- drawing:magnifying_wheel
-- drawing:pinion_lift_rod
-- drawing:fulcrum_keeper
-- drawing:channel_assembly
-- drawing:drive_train_assembly
-- drawing:frame_assembly
-- drawing:harmonic_analyzer_assembly
-- drawing:magnifier_assembly
-- drawing:paper_drive_assembly
-- drawing:pen_assembly
-- drawing:summing_assembly
-- verify:kinematics
-- verify_soundness:summing
-- verify_soundness:paper_drive
-- verify_soundness:frame
-- verify_soundness:pen
-- verify_soundness:magnifier
-- verify_soundness:channel
-- verify_soundness:drive_train
-- verify_soundness:harmonic_analyzer
-- verify:soundness
