........................................................................ [  4%]
........................................................................ [  9%]
........................................................................ [ 14%]
........................................................................ [ 19%]
........................................................................ [ 23%]
........................................................................ [ 28%]
........................................................................ [ 33%]
........................................................................ [ 38%]
........................................................................ [ 43%]
........................................................................ [ 47%]
........................................................................ [ 52%]
........................................................................ [ 57%]
........................................................................ [ 62%]
........................................................................ [ 67%]
........................................................................ [ 71%]
........................................................................ [ 76%]
........................................................................ [ 81%]
........................................................................ [ 86%]
........................................................................ [ 90%]
........................................................................ [ 95%]
................................................................         [100%]
1504 passed in 56.27s
-- check:graph
-- check:partiso
.  check:recipe
